[www.techladder.io/index.html]
[backblue.gif]
[fade.gif]
[index.html]
[images.squarespace-cdn.com/content/5dbf48651ece6c59d3759a0f/1574036911051-VK4VVW36OZ6DL5LZLKHL/logohighresee8a.jpg]
[assets.squarespace.com/@sqs/polyfiller/1.6/legacy.js]
[use.typekit.net/ik/wjW_9gVkp-Hy4dGb6XwCNk-ztHBxanwgThy3-N0xNpXfeCJBfFHN4UJLFRbh52jhWDmqjcjX52juwAmRZQZRFQ8qwDSu5AI3Zy7YMkG0jAFu-WsoShFGZAsude80ZkoRdhXCHKoyjamTiY8Djhy8ZYmC-Ao1Oco8if37OcBDOcu]
[assets.squarespace.com/universal/scripts-compressed/extract-css-runtime-5e360515023da814834d-min.en-US.js]
[assets.squarespace.com/universal/scripts-compressed/cldr-resource-pack-e94539391642d3b99900-min.en-US.js]
[assets.squarespace.com/@sqs/polyfiller/1.6/modern.js]
[assets.squarespace.com/universal/scripts-compressed/common-vendors-stable-5a7027cd34a39ac0a126-min.en-US.js]
[assets.squarespace.com/universal/scripts-compressed/performance-4c0b9e8fb6eca6c1a294-min.en-US.js]
[assets.squarespace.com/universal/scripts-compressed/extract-css-moment-js-vendor-6f117db4eb7fd4392375-min.en-US.js]
[static1.squarespace.com/static/sitecss/5dbf48651ece6c59d3759a0f/64/55f0aac0e4b0f0a5b7e0b22e/5dbf48651ece6c59d3759a3a/353/site.css]
[cdn.jsdelivr.net/gh/noelboss/featherlight@1.7.13/release/featherlight.min.css]
[images.squarespace-cdn.com/content/v1/5dbf48651ece6c59d3759a0f/1574036911051-VK4VVW36OZ6DL5LZLKHL/logohighres26f7.jpg]
[www.techladder.io/search]
[www.techladder.io/about-us.html]
[www.techladder.io/career-opportunities.html]
[www.techladder.io/news.html]
[www.techladder.io/locations.html]
[www.techladder.io/staffing-overview.html]
[www.techladder.io/construction-staffing.html]
[assets.squarespace.com/universal/scripts-compressed/common-vendors-c1dd89c3d051ee963c8b-min.en-US.js]
[www.techladder.io/engineering-staffing.html]
[www.techladder.io/financial-services.html]
[www.techladder.io/information-technology-staffing.html]
[www.techladder.io/medical.html]
[www.techladder.io/professional-services-1.html]
[www.techladder.io/services-overview.html]
[www.techladder.io/consulting-services.html]
[www.techladder.io/application-development.html]
[www.techladder.io/information-technology.html]
[www.techladder.io/products.html]
[www.techladder.io/it-network-support.html]
[assets.squarespace.com/universal/scripts-compressed/common-9af7511178a5d5c4e5a8-min.en-US.js]
[images.squarespace-cdn.com/content/v1/5dbf48651ece6c59d3759a0f/1577124006726-8EBR4TQPLPOMUM25HFEY/Rochester+TECHLADDER +Banner.png]
[images.squarespace-cdn.com/content/v1/5dbf48651ece6c59d3759a0f/1576368127649-Q2LN2R1TQ53TBUKOBFLH/NYC+Banner+-+TECHLADDER .png]
[images.squarespace-cdn.com/content/v1/5dbf48651ece6c59d3759a0f/1576811684671-4OZS8U6MBEPL5DOTGTIR/Jersey+City+Banner+-+TECHLADDER 2.png]
[www.techladder.io/project-1.html]
[images.squarespace-cdn.com/content/v1/5dbf48651ece6c59d3759a0f/1576645136436-GUYL1KO0NRQL1MFDWORS/image-asset.jpg]
[www.techladder.io/project-2.html]
[images.squarespace-cdn.com/content/v1/5dbf48651ece6c59d3759a0f/1576645180991-DTVXV6IP9UQDK0IOXWOW/image-asset.jpg]
[www.techladder.io/project-4.html]
[images.squarespace-cdn.com/content/v1/5dbf48651ece6c59d3759a0f/1576793871347-FOJ4PDPKCUUSYDPBC5DU/image.jpg]
[www.techladder.io/project-3.html]
[images.squarespace-cdn.com/content/v1/5dbf48651ece6c59d3759a0f/1576718950140-JGWGM2HIVESB25NMPCPC/clint-bustrillos-K7OUs6y_cm8-unsplash.jpg]
[cdn.jsdelivr.net/gh/noelboss/featherlight@1.7.13/release/featherlight.min.js]
[ajax.googleapis.com/ajax/libs/jquery/2.1.1/jquery.min.js]
[images.squarespace-cdn.com/content/v1/5dbf48651ece6c59d3759a0f/1574034648963-YIA55U348AV5I2NIN0S0/bgmap.png]
[www.techladder.io/index.html]
[assets.squarespace.com/universal/images-v6/damask/error-dark.png]
[assets.squarespace.com/universal/images-v6/damask/error-dark@2x.png]
[assets.squarespace.com/universal/images-v6/damask/play-button.png]
[assets.squarespace.com/universal/images-v6/damask/play-button@2x.png]
[assets.squarespace.com/universal/images-v6/damask/edit-aviary-light.png]
[assets.squarespace.com/universal/images-v6/damask/edit-aviary-light@2x.png]
[assets.squarespace.com/universal/images-v6/damask/edit-info-light.png]
[assets.squarespace.com/universal/images-v6/damask/edit-info-light@2x.png]
[assets.squarespace.com/universal/images-v6/damask/trash-9-light.png]
[assets.squarespace.com/universal/images-v6/damask/trash-9-light@2x.png]
[assets.squarespace.com/universal/images-v6/damask/trash-9-red.png]
[assets.squarespace.com/universal/images-v6/damask/trash-9-red@2x.png]
[assets.squarespace.com/universal/images-v6/damask/getty-16-light.png]
[assets.squarespace.com/universal/images-v6/damask/getty-32-light.png]
[assets.squarespace.com/universal/images-v6/damask/shopping-cart-16-light.png]
[assets.squarespace.com/universal/images-v6/damask/shopping-cart-32-light.png]
[static1.squarespace.com/static/ta/55f0a9b0e4b0f3eb70352f6d/353/scripts/site-bundle.js]
[assets.squarespace.com/universal/images-v6/icons/block-indicator-dark.png]
[assets.squarespace.com/universal/images-v6/icons/block-indicator-dark@2x.png]
[assets.squarespace.com/universal/images-v6/icons/opentable-icons.png]
[assets.squarespace.com/universal/images-v6/icons/icon-searchqueries-20-dark.png]
[assets.squarespace.com/universal/images-v6/icons/icon-searchqueries-20-light.png]
[assets.squarespace.com/universal/images-v6/icons/icon-video-24-light-solid.png]
[assets.squarespace.com/universal/images-v6/damask/image-inside-64-dark.png]
[assets.squarespace.com/universal/images-v6/damask/image-inside-128-dark.png]
[assets.squarespace.com/universal/images-v6/standard/icon_close_7_light.png]
[assets.squarespace.com/universal/images-v6/icons/icon-settings-16-light.png]
[static1.squarespace.com/static/sitecss/5dbf48651ece6c59d3759a0f/64/55f0aac0e4b0f0a5b7e0b22e/5dbf48651ece6c59d3759a3a/353/site.css]
[cdn.jsdelivr.net/gh/noelboss/featherlight@1.7.13/release/featherlight.min.css]
[www.techladder.io/assets/ui-icons.svg]
[assets.squarespace.com/universal/scripts-compressed/extract-css-runtime-9d483eabc9b50e34d7c0-min.en-US.js]
[images.squarespace-cdn.com/content/v1/5dbf48651ece6c59d3759a0f/1575430913898-JPR4YEBOPXVJDXXZPKSO/image.jpg]
[images.squarespace-cdn.com/content/v1/5dbf48651ece6c59d3759a0f/1575430934574-7ZXVNXVZT143NZ3QWV78/image.jpg]
[assets.squarespace.com/universal/scripts-compressed/common-vendors-616e246dc80e8a90c844-min.en-US.js]
[images.squarespace-cdn.com/content/v1/5dbf48651ece6c59d3759a0f/1575430638656-4FKGPVEBK9O7TCLAI7VT/image.jpg]
[images.squarespace-cdn.com/content/v1/5dbf48651ece6c59d3759a0f/1575430674789-LM5O5OBXDH9IS0WZS5DH/image.jpg]
[assets.squarespace.com/universal/scripts-compressed/common-7b655880bf7742d96124-min.en-US.js]
[www.techladder.io/about-us.html]
[assets.squarespace.com/universal/scripts-compressed/extract-css-runtime-75c75549399ea90c12a0-min.en-US.js]
[assets.squarespace.com/universal/scripts-compressed/cldr-resource-pack-1edcdb1d4b6b94ec8c7e-min.en-US.js]
[assets.squarespace.com/universal/scripts-compressed/common-vendors-stable-3598b219a3c023c1915a-min.en-US.js]
[assets.squarespace.com/universal/scripts-compressed/performance-492502057052f8dfae71-min.en-US.js]
[images.squarespace-cdn.com/content/v1/5dbf48651ece6c59d3759a0f/1576026937677-OPDDBEEU7YQSM72ZGODW/annie-spratt-kZO9xqmO_TA-unsplash.jpg]
[images.squarespace-cdn.com/content/v1/5dbf48651ece6c59d3759a0f/1576025165668-YSKKAFHHA45CGO4EFVDT/bruce-mars-GzumspFznSE-unsplash.jpg]
[www.techladder.io/job-postings/category/Buffalo+-+New+York.html]
[www.techladder.io/job-postings/category/Hyderabad+-+India.html]
[www.techladder.io/job-postings/category/Iselin+-+New+Jersey.html]
[www.techladder.io/job-postings/category/Rochester+-+New+York.html]
[www.techladder.io/job-postings51bf.html]
[www.techladder.io/job-postings/job-post-template-7js9t-gpf4a-ck6lh.html]
[www.techladder.io/job-postings/job-post-template-7js9t-dt6ty.html]
[www.techladder.io/job-postings/job-post-template-7js9t-gpf4a.html]
[www.techladder.io/job-postings123d.html]
[www.techladder.io/job-postings/job-post-template-lpmch-abmza-5pj6m-pdncx-pm8yk.html]
[www.techladder.io/job-postingsd02c.html]
[www.techladder.io/job-postings/job-post-template-lpmch-abmza-5pj6m-t85ts.html]
[www.techladder.io/job-postings/job-post-template-lpmch-abmza-5pj6m-jwz4k.html]
[www.techladder.io/job-postings/job-post-template-lpmch-abmza-5pj6m-c2arh.html]
[www.techladder.io/job-postings/job-post-template-lpmch-abmza-5pj6m-jd9gy.html]
[www.techladder.io/job-postings/job-post-template-4ffmn-khwm7.html]
[www.techladder.io/job-postings/job-post-template-lpmch-abmza.html]
[www.techladder.io/job-postings/job-post-template-lpmch-abmza-92t66.html]
[www.techladder.io/job-postings/job-post-template-lpmch-abmza-5pj6m-p9br5.html]
[www.techladder.io/job-postings/job-post-template-lpmch-abmza-5pj6m-gyj89.html]
[www.techladder.io/job-postings/job-post-template-4ffmn-smrka.html]
[www.techladder.io/job-postings/job-post-template-lpmch-abmza-5pj6m-a8b5n-wdyx5-dgdkw.html]
[www.techladder.io/job-postings/job-post-template-7js9t-73kfe.html]
[www.techladder.io/job-postings/job-post-template-lpmch-abmza-5pj6m-xh8j6.html]
[assets.squarespace.com/universal/scripts-compressed/common-vendors-98af0e67baae44116c1c-min.en-US.js]
[www.techladder.io/job-postings/job-post-template-lpmch-abmza-5pj6m-pdncx.html]
[www.techladder.io/job-postings/job-post-template-lpmch-abmza-5pj6m-rczkz.html]
[www.techladder.io/job-postings/job-post-template-4ffmn-jeztl.html]
[www.techladder.io/job-postings/job-post-template-lpmch-abmza-zfaa6.html]
[www.techladder.io/job-postings/job-post-template-lpmch-abmza-5pj6m-z6efw.html]
[www.techladder.io/job-postings/job-post-template-lpmch-abmza-5pj6m-5k629.html]
[www.techladder.io/job-postings/job-post-template-lpmch-abmza-5pj6m-wbaap.html]
[www.techladder.io/job-postings/job-post-template-lpmch-abmza-5pj6m-a4rkd.html]
[www.techladder.io/job-postings/job-post-template-lpmch-abmza-5pj6m-2w6eb.html]
[www.techladder.io/job-postings/job-post-template-lpmch-gd4e6.html]
[www.techladder.io/job-postings/job-post-template-7js9t-bx39b.html]
[www.techladder.io/job-postings/job-post-template-7js9t-hdt43.html]
[www.techladder.io/career-opportunities.html]
[www.techladder.io/job-postings/job-post-template-4ffmn-ff6bm.html]
[images.squarespace-cdn.com/content/v1/5dbf48651ece6c59d3759a0f/1576466750733-ZAGGC5PYJDOP0PJ2TKKB/image-asset.jpg]
[www.techladder.io/news-events/how-developments-in-ai-have-shifted-the-world-of-recruiting.html]
[www.techladder.io/news-events/techladder-incorporation/why-using-nytp-as-a-managed-service-provider-msp-is-a-sensible-choice-for-businesses-87631e4e0cea.html]
[www.techladder.io/news-events/advanced-phishing-scams-and-the-risks-they-pose-for-businesses-cba8a5019b0d.html]
[www.techladder.io/news-events/improving-speed-and-efficiency-in-the-hiring-process.html]
[www.techladder.io/news-events/ghosting.html]
[www.techladder.io/news-events/returntooffice.html]
[www.techladder.io/news-events/healthcare-hiring-showing-signs-of-recovery-following-turbulent-period-b1eaeb0bf89c.html]
[www.techladder.io/news-events/onboarding-the-employee-experience-f78bc9384a6.html]
[www.techladder.io/news-events/addressing-the-stem-gender-gap.html]
[www.techladder.io/news-events/getting-hired-without-a-degree-tips-amp-strategies-for-getting-the-job.html]
[www.techladder.io/news-events/leveling-up-your-work-skills-with-coursera-now-free-for-nys-residents.html]
[www.techladder.io/news-events/looking-ahead-to-2021-trends-on-the-horizon.html]
[www.techladder.io/news-events/getting-hired-in-todays-remote-work-environment.html]
[www.techladder.io/news-events/transferable-skills-how-to-pivot-and-remain-relevant-in-a-turbulent-job-market.html]
[www.techladder.io/news-events/recent-changes-to-us-h1-b-visas-and-what-it-means-for-businesses.html]
[www.techladder.io/news-events/employer-amp-workplace-legislation-what-itll-mean-for-you-in-2020.html]
[www.techladder.io/news.html]
[www.techladder.io/news-events/employer-nytps-tips-for-working-remotely-ceefeee83752.html]
[assets.squarespace.com/universal/scripts-compressed/extract-css-runtime-4a9e5848d915ff23425b-min.en-US.js]
[www.techladder.io/iselin-new-jersey.html]
[www.techladder.io/rochester-new-york.html]
[www.techladder.io/buffalo-new-york.html]
[www.techladder.io/hyderabad-india.html]
[www.techladder.io/mumbai-india.html]
[assets.squarespace.com/universal/scripts-compressed/common-72c79482ea73d57df37b-min.en-US.js]
[www.techladder.io/locations.html]
[images.squarespace-cdn.com/content/v1/5dbf48651ece6c59d3759a0f/1574478400762-FICXZV6GPPF38HRX49IY/image-asset.jpg]
[www.techladder.io/indore-india.html]
[images.squarespace-cdn.com/content/v1/5dbf48651ece6c59d3759a0f/1574738573340-55296KV42DS3PK66SRV8/image.jpg]
[images.squarespace-cdn.com/content/v1/5dbf48651ece6c59d3759a0f/1574738668577-002YZTBA84X5RMO78ROH/image-asset.jpg]
[assets.squarespace.com/universal/scripts-compressed/common-vendors-67bf5635462ab183b0f7-min.en-US.js]
[www.techladder.io/staffing-overview.html]
[www.techladder.io/construction-staffing.html]
[images.squarespace-cdn.com/content/v1/5dbf48651ece6c59d3759a0f/1576208154650-HZ52O3K8FJFA0ZKL5CT4/image-asset.jpg]
[images.squarespace-cdn.com/content/v1/5dbf48651ece6c59d3759a0f/1576208302006-SDWUDOTX5CSQFNZMIF53/image-asset.jpg]
[images.squarespace-cdn.com/content/v1/5dbf48651ece6c59d3759a0f/1575694125192-VWNT3Z1QSNIR6ND1GH1U/image.jpg]
[www.techladder.io/engineering-staffing.html]
[images.squarespace-cdn.com/content/v1/5dbf48651ece6c59d3759a0f/1576682130529-XUYCL6AY3UH8DXLRN69A/image.jpg]
[images.squarespace-cdn.com/content/v1/5dbf48651ece6c59d3759a0f/1576639455945-GUBGECP5DCWJB7L22JHF/image-asset.jpg]
[www.techladder.io/financial-services.html]
[www.techladder.io/information-technology-staffing.html]
[images.squarespace-cdn.com/content/v1/5dbf48651ece6c59d3759a0f/1575694608368-9OHYRE8TEKWHJW98ADH9/image.jpg]
[images.squarespace-cdn.com/content/5dbf48651ece6c59d3759a0f/1619471282367-9NUEJR58DQ14MHSXJRB0/unsplash-image-l0j0DHVWcIE43a3.jpg]
[images.squarespace-cdn.com/content/v1/5dbf48651ece6c59d3759a0f/1619471682382-3QACQX6UOHH29AUS3O0L/unsplash-image-l0j0DHVWcIE.jpg]
[images.squarespace-cdn.com/content/v1/5dbf48651ece6c59d3759a0f/1619472394835-CENM1GUXUVDT9FU2MTB2/unsplash-image-c6rgP7K5rXc.jpg]
[www.techladder.io/medical.html]
[www.techladder.io/professional-services-1.html]
[images.squarespace-cdn.com/content/v1/5dbf48651ece6c59d3759a0f/1575085028599-IHTN4H0H38O6Y2E326L6/image-asset.jpg]
[images.squarespace-cdn.com/content/v1/5dbf48651ece6c59d3759a0f/1575085075530-WR9PQA7FSSIDOZPX8UP1/nasa-Q1p7bh3SHj8-unsplash.jpg]
[www.techladder.io/services-overview.html]
[images.squarespace-cdn.com/content/v1/5dbf48651ece6c59d3759a0f/1574221194557-CNHHRX8X2N1NBTE0PW04/image-asset.jpg]
[images.squarespace-cdn.com/content/v1/5dbf48651ece6c59d3759a0f/1574221004247-WAF3HX2W2D4A5X9T3IY1/image-asset.jpg]
[images.squarespace-cdn.com/content/v1/5dbf48651ece6c59d3759a0f/1574220779063-ND88IMSRREBFBWNCCQCL/image-asset.jpg]
[www.techladder.io/consulting-services.html]
[images.squarespace-cdn.com/content/v1/5dbf48651ece6c59d3759a0f/1575506372807-MAO2YD2DDM7ILX8B9HJQ/image.jpg]
[images.squarespace-cdn.com/content/v1/5dbf48651ece6c59d3759a0f/1575506495375-ECJTAT324BUXU1EJTRSA/image-asset.jpg]
[www.techladder.io/application-development.html]
[images.squarespace-cdn.com/content/v1/5dbf48651ece6c59d3759a0f/1575506639200-3GM49HEPT37KLC586OF4/image-asset.jpg]
[images.squarespace-cdn.com/content/v1/5dbf48651ece6c59d3759a0f/1575506861986-6W53SAYIP3FBJY8G7NAS/image.jpg]
[images.squarespace-cdn.com/content/v1/5dbf48651ece6c59d3759a0f/1575507103828-INDV3VHBA30ZBAI99NXO/image.jpg]
[images.squarespace-cdn.com/content/v1/5dbf48651ece6c59d3759a0f/1575507214500-R8JFZT9ZRSNJWX9C7HGN/image.jpg]
[images.squarespace-cdn.com/content/v1/5dbf48651ece6c59d3759a0f/1575507307374-X20682U8D662BGAOSVXF/image.jpg]
[images.squarespace-cdn.com/content/v1/5dbf48651ece6c59d3759a0f/1575508369818-ZV9T73H1GRIVYC1DXRPO/image-asset.jpg]
[images.squarespace-cdn.com/content/v1/5dbf48651ece6c59d3759a0f/1575508543650-2R21Q1CCQNLZB1YETMKD/budget+report.jpg]
[www.techladder.io/information-technology.html]
[images.squarespace-cdn.com/content/v1/5dbf48651ece6c59d3759a0f/1575698059283-KXWVNY1ZZA86BW9QTPE8/image.jpg]
[images.squarespace-cdn.com/content/v1/5dbf48651ece6c59d3759a0f/1575699421482-EUFPSMAUZKRMW06I43NI/image-asset.jpg]
[images.squarespace-cdn.com/content/v1/5dbf48651ece6c59d3759a0f/1575699895412-FG6LYXWJPLTQ2EHH71F5/image-asset.jpg]
[images.squarespace-cdn.com/content/v1/5dbf48651ece6c59d3759a0f/1575699959292-9IIHCJ60ZSKT0FE2F6MS/image-asset.jpg]
[www.techladder.io/products.html]
[images.squarespace-cdn.com/content/5dbf48651ece6c59d3759a0f/1631631952350-W95QGFZNVHGK4RC0EL73/unsplash-image-oZPwn40zCK443a3.jpg]
[images.squarespace-cdn.com/content/v1/5dbf48651ece6c59d3759a0f/1631632492697-JZNII9KZHZN1137MT819/unsplash-image-oZPwn40zCK4.jpg]
[images.squarespace-cdn.com/content/v1/5dbf48651ece6c59d3759a0f/1631630694613-WVT42B5Y79JO2YVCBXCR/unsplash-image-t4qI2IDcL5s.jpg]
[images.squarespace-cdn.com/content/v1/5dbf48651ece6c59d3759a0f/1631630902915-ESU960JKETN4WWC9RVWW/unsplash-image-mT7lXZPjk7U.jpg]
[images.squarespace-cdn.com/content/v1/5dbf48651ece6c59d3759a0f/1631631544240-QYP8A7OCD0NISD9LARF5/unsplash-image-klWUhr-wPJ8.jpg]
[images.squarespace-cdn.com/content/v1/5dbf48651ece6c59d3759a0f/1631631829981-43DX3LMW9H2PMNI4RC25/unsplash-image-hpjSkU2UYSU.jpg]
[www.techladder.io/it-network-support.html]
[assets.squarespace.com/universal/scripts-compressed/extract-css-runtime-00b7cc1a0b33888ad7e4-min.en-US.js]
[images.squarespace-cdn.com/content/v1/5dbf48651ece6c59d3759a0f/1576644298679-SXF4NRHFOFNQEIPRQG6U/image-asset.jpg]
[images.squarespace-cdn.com/content/v1/5dbf48651ece6c59d3759a0f/1576643864121-4G2TFE2MJBMAOAE8C70I/image-asset.jpg]
[www.techladder.io/project-1.html]
[images.squarespace-cdn.com/content/v1/5dbf48651ece6c59d3759a0f/1576644693710-WMMCY3PRTJMFXGCQZHOJ/image-asset.jpg]
[images.squarespace-cdn.com/content/v1/5dbf48651ece6c59d3759a0f/1576644720230-QNT6IDWOL3JLHP9TMB52/image-asset.jpg]
[assets.squarespace.com/universal/scripts-compressed/common-620372618c6bc3dff5d8-min.en-US.js]
[www.techladder.io/project-2.html]
[images.squarespace-cdn.com/content/v1/5dbf48651ece6c59d3759a0f/1576645062490-ZK7FL1DSAUNVXPMB66NW/image-asset.jpg]
[images.squarespace-cdn.com/content/v1/5dbf48651ece6c59d3759a0f/1576794137810-PLNU688Y0UQWSGTEJGAE/image-asset.jpg]
[www.techladder.io/project-4.html]
[images.squarespace-cdn.com/content/v1/5dbf48651ece6c59d3759a0f/1576710807078-X3J725LYTVKUVEIIV1R3/image-asset.jpg]
[images.squarespace-cdn.com/content/v1/5dbf48651ece6c59d3759a0f/1576710972372-6YO3LLCKAXQ4LS6T09CU/image-asset.jpg]
[www.techladder.io/project-3.html]
[www.techladder.io/job-postingsa409]
[code.jquery.com/jquery-latest.js]
[www.techladder.io/job-postingsa51a.html]
[www.techladder.io/job-postings/tag/Bachelors+Degree.html]
[www.techladder.io/job-postings/category/Buffalo+-+New+York.html]
[www.techladder.io/job-postings/job-post-template-lpmch-w9rpt.html]
[www.techladder.io/job-postings/category/Hyderabad+-+India.html]
[www.techladder.io/job-postings/category/Iselin+-+New+Jersey.html]
[www.techladder.io/job-postings/category/Rochester+-+New+York.html]
[www.techladder.io/job-postingsf8fc.html]
[www.techladder.io/job-postings51bf.html]
[www.techladder.io/job-postings.html]
[www.techladder.io/job-postings/job-post-template-b9jyf.html]
[www.techladder.io/job-postings/job-post-template-7js9t-gpf4a-ck6lh.html]
[www.techladder.io/job-postings/job-post-template-7js9t-dt6ty.html]
[assets.squarespace.com/universal/scripts-compressed/extract-css-runtime-4ed341f136500605a5e8-min.en-US.js]
[www.techladder.io/job-postings/job-post-template-7js9t-gpf4a.html]
[www.techladder.io/job-postings123d.html]
[www.techladder.io/job-postings/job-post-template-lpmch-abmza-5pj6m-pdncx-pm8yk.html]
[www.techladder.io/job-postingsd02c.html]
[www.techladder.io/job-postings/job-post-template-lpmch-abmza-5pj6m-t85ts.html]
[www.techladder.io/job-postings/job-post-template-lpmch-abmza-5pj6m-jwz4k.html]
[www.techladder.io/job-postings/job-post-template-lpmch-abmza-5pj6m-c2arh.html]
[www.techladder.io/job-postings/job-post-template-lpmch-abmza-5pj6m-jd9gy.html]
[www.techladder.io/job-postings/job-post-template-4ffmn-khwm7.html]
[www.techladder.io/job-postings/job-post-template-lpmch-abmza.html]
[www.techladder.io/job-postings/job-post-template-lpmch-abmza-92t66.html]
[www.techladder.io/job-postings/job-post-template-lpmch-abmza-5pj6m-p9br5.html]
[www.techladder.io/job-postings/job-post-template-lpmch-abmza-5pj6m-gyj89.html]
[assets.squarespace.com/universal/scripts-compressed/extract-css-runtime-59552a29a6bc1a03937a-min.en-US.js]
[assets.squarespace.com/universal/scripts-compressed/extract-css-runtime-d2d45dddb0f945cc7fae-min.en-US.js]
[www.techladder.io/job-postings/job-post-template-4ffmn-smrka.html]
[www.techladder.io/job-postings/job-post-template-lpmch-abmza-5pj6m-a8b5n-wdyx5-dgdkw.html]
[www.techladder.io/job-postings/job-post-template-7js9t-73kfe.html]
[www.techladder.io/job-postings/job-post-template-lpmch-abmza-5pj6m-xh8j6.html]
[www.techladder.io/job-postings/job-post-template-lpmch-abmza-5pj6m-pdncx.html]
[www.techladder.io/job-postings/job-post-template-lpmch-abmza-5pj6m-rczkz.html]
[www.techladder.io/job-postings/job-post-template-4ffmn-jeztl.html]
[www.techladder.io/job-postings/job-post-template-lpmch-abmza-zfaa6.html]
[www.techladder.io/job-postings/job-post-template-lpmch-abmza-5pj6m-z6efw.html]
[www.techladder.io/job-postings/job-post-template-lpmch-abmza-5pj6m-5k629.html]
[www.techladder.io/job-postings/job-post-template-lpmch-abmza-5pj6m-wbaap.html]
[www.techladder.io/job-postings/job-post-template-lpmch-abmza-5pj6m-a4rkd.html]
[www.techladder.io/job-postings/job-post-template-lpmch-abmza-5pj6m-2w6eb.html]
[www.techladder.io/job-postings/job-post-template-lpmch-gd4e6.html]
[www.techladder.io/job-postings/job-post-template-7js9t-bx39b.html]
[www.techladder.io/job-postings/job-post-template-7js9t-hdt43.html]
[assets.squarespace.com/universal/scripts-compressed/extract-css-runtime-d1ad6e5812a19db59b99-min.en-US.js]
[www.techladder.io/job-postings/job-post-template-4ffmn-ff6bm.html]
[assets.squarespace.com/universal/scripts-compressed/extract-css-runtime-98c600498896066dc830-min.en-US.js]
[www.techladder.io/job-postings/job-post-template-lpmch-abmza-5pj6m-enfsd.html]
[images.squarespace-cdn.com/content/5dbf48651ece6c59d3759a0f/1699644226496-1KQ6E1M4M8TZXGGZHMH1/0_NZ2i0vEgKAXnyNORee8a.jpg]
[images.squarespace-cdn.com/content/v1/5dbf48651ece6c59d3759a0f/015a2ba5-cf3c-4367-b094-5b3f8fd65eb7/0_NZ2i0vEgKAXnyNOR.jpg]
[www.techladder.io/news-events/how-developments-in-ai-have-shifted-the-world-of-recruiting.html]
[www.techladder.io/news-eventsa51a.html]
[images.squarespace-cdn.com/content/5dbf48651ece6c59d3759a0f/1677768030465-X0N6DULICGJ2PS3PW1CS/MSPee8a.jpg]
[images.squarespace-cdn.com/content/v1/5dbf48651ece6c59d3759a0f/d3360507-551b-47f2-bf33-24dd4e71edaa/MSP.jpg]
[www.techladder.io/news-events/techladder-incorporation/why-using-nytp-as-a-managed-service-provider-msp-is-a-sensible-choice-for-businesses-87631e4e0cea.html]
[images.squarespace-cdn.com/content/5dbf48651ece6c59d3759a0f/f9a9a826-6663-4bbc-a1c0-008208b38b65/Risksee8a.jpg]
[images.squarespace-cdn.com/content/v1/5dbf48651ece6c59d3759a0f/384253aa-6d6a-44e9-a699-55f2476d5e1b/Risks.jpg]
[www.techladder.io/news-events/advanced-phishing-scams-and-the-risks-they-pose-for-businesses-cba8a5019b0d.html]
[images.squarespace-cdn.com/content/5dbf48651ece6c59d3759a0f/1657201876431-EXQKJARUVI2J686VP407/0_hevOvkU5kD9R1i6Iee8a.jpg]
[images.squarespace-cdn.com/content/v1/5dbf48651ece6c59d3759a0f/7686e88f-f4de-4bb3-b218-d6259a357c4b/0_hevOvkU5kD9R1i6I.jpg]
[www.techladder.io/news-events/improving-speed-and-efficiency-in-the-hiring-process.html]
[images.squarespace-cdn.com/content/5dbf48651ece6c59d3759a0f/1649941157483-MN53ZL0VTRYG0R55Q3N3/Returntoofficeee8a.jpg]
[images.squarespace-cdn.com/content/v1/5dbf48651ece6c59d3759a0f/3487ee9a-52ef-4e83-937f-5606a37a64e2/Returntooffice.jpg]
[www.techladder.io/news-events/returntooffice.html]
[images.squarespace-cdn.com/content/5dbf48651ece6c59d3759a0f/1649940707130-TCMELUWSH9DH6310VSJF/Ghostingpicee8a.jpg]
[www.techladder.io/news-events/ghosting.html]
[images.squarespace-cdn.com/content/5dbf48651ece6c59d3759a0f/1633619132303-UY68CNEA2AKP4SBW5N0U/Healthcareee8a.jpg]
[images.squarespace-cdn.com/content/v1/5dbf48651ece6c59d3759a0f/1633618787996-5L2FI23ZT7TB0KH64ANN/Healthcarehiring.png]
[images.squarespace-cdn.com/content/v1/5dbf48651ece6c59d3759a0f/1633618827343-911Z4G0Y2TXDBRANHA2V/Healthcarehiring2.png]
[images.squarespace-cdn.com/content/v1/5dbf48651ece6c59d3759a0f/1633618883364-LC6824SG2VYCSGRGCLVW/Healthcarehiring3.png]
[images.squarespace-cdn.com/content/v1/5dbf48651ece6c59d3759a0f/1633619025251-LF4VP4NHXU3NZ4OPGRF8/Healthcarehiring4.png]
[www.techladder.io/news-events/category/Rochester+-+New+York.html]
[www.techladder.io/news-events/category/Iselin+-+New+Jersey.html]
[www.techladder.io/news-events/healthcare-hiring-showing-signs-of-recovery-following-turbulent-period-b1eaeb0bf89c.html]
[www.techladder.io/news-events/category/Buffalo+-+New+York.html]
[images.squarespace-cdn.com/content/5dbf48651ece6c59d3759a0f/1633618508965-3Z1S5YO8A65P4EHZ7K0S/Onboardingimageee8a.jpg]
[www.techladder.io/news-events/onboarding-the-employee-experience-f78bc9384a6.html]
[images.squarespace-cdn.com/content/5dbf48651ece6c59d3759a0f/1614703561637-ZN26RQX8I7I057LQAO4K/AddressStemee8a.jpg]
[images.squarespace-cdn.com/content/v1/5dbf48651ece6c59d3759a0f/1614703412834-M1DXD412SVI3IZ3FLDMH/GPHS.png]
[www.techladder.io/news-events/addressing-the-stem-gender-gap.html]
[images.squarespace-cdn.com/content/v1/5dbf48651ece6c59d3759a0f/1614703458144-XWBYF1W8JKYX34905NRS/BachDegree.png]
[images.squarespace-cdn.com/content/5dbf48651ece6c59d3759a0f/1614621341542-E64T7ER3DZ045793JGCJ/Gettinghiredee8a.jpg]
[www.techladder.io/news-events/getting-hired-without-a-degree-tips-amp-strategies-for-getting-the-job.html]
[images.squarespace-cdn.com/content/5dbf48651ece6c59d3759a0f/1614621093693-JBOBEM6VOPMVZ1W5T2ZQ/Trends20215d45.png]
[www.techladder.io/news-events/looking-ahead-to-2021-trends-on-the-horizon.html]
[images.squarespace-cdn.com/content/5dbf48651ece6c59d3759a0f/1614621901574-SKTDOFELFHPSZ4IWJ4EQ/Leveling+up+skillsee8a.jpg]
[www.techladder.io/news-events/leveling-up-your-work-skills-with-coursera-now-free-for-nys-residents.html]
[images.squarespace-cdn.com/content/5dbf48651ece6c59d3759a0f/1614704062989-DF0HQZ6AKEQII1EZMC1Z/HiredRemoteee8a.jpg]
[images.squarespace-cdn.com/content/v1/5dbf48651ece6c59d3759a0f/1614703996484-Z9ZSQFBN2KXZSV43IXHR/RemoteOccupation.png]
[www.techladder.io/news-events/getting-hired-in-todays-remote-work-environment.html]
[images.squarespace-cdn.com/content/5dbf48651ece6c59d3759a0f/1614622052389-VWXPXA3LU809FQFS7S2I/Transferable+Skillsee8a.jpg]
[www.techladder.io/news-events/transferable-skills-how-to-pivot-and-remain-relevant-in-a-turbulent-job-market.html]
[images.squarespace-cdn.com/content/5dbf48651ece6c59d3759a0f/1614622643613-ZXWQEGMQ4ICAY42T3IE1/RecentchangesH1ee8a.jpg]
[www.techladder.io/news-events/category/Mumbai+-+India.html]
[www.techladder.io/news-events/category/Indore+-+India.html]
[www.techladder.io/news-events/recent-changes-to-us-h1-b-visas-and-what-it-means-for-businesses.html]
[www.techladder.io/news-events/category/Hyderabad+-+India.html]
[images.squarespace-cdn.com/content/5dbf48651ece6c59d3759a0f/1591635854613-CT49GBOYSM8HA4FTSNGH/1_JqgLGdPZUajDEL6vpn_-0g5d45.png]
[www.techladder.io/news-events/employer-nytps-tips-for-working-remotely-ceefeee83752.html]
[images.squarespace-cdn.com/content/5dbf48651ece6c59d3759a0f/1578436929025-DX2O0YYWNEU5FEBJ8BI4/Employer+&+Workplace43a3.jpg]
[www.techladder.io/news-events/employer-amp-workplace-legislation-what-itll-mean-for-you-in-2020.html]
[images.squarespace-cdn.com/content/v1/5dbf48651ece6c59d3759a0f/1576194653216-6C6ZME192T5ZOQ9FIAFT/image-asset.jpg]
[www.techladder.io/job-postingsc668.html]
[www.techladder.io/news-events123d.html]
[www.techladder.io/news-events51bf.html]
[www.techladder.io/news-eventsd02c.html]
[www.techladder.io/news-events401a.html]
[www.techladder.io/news-events4f67.html]
[www.techladder.io/news-eventsa701.html]
[www.techladder.io/iselin-new-jersey.html]
[www.techladder.io/news-events/covid-19-the-state-of-employment-advice-5d33f6db3caa.html]
[images.squarespace-cdn.com/content/v1/5dbf48651ece6c59d3759a0f/1576726295813-BIXOEPG5GX0U0DQFU96C/image-asset.jpg]
[www.techladder.io/rochester-new-york.html]
[images.squarespace-cdn.com/content/v1/5dbf48651ece6c59d3759a0f/1576730591987-8IBLJU09DF1XA23MNSY7/image-asset.jpg]
[www.techladder.io/buffalo-new-york.html]
[www.techladder.io/hyderabad-india.html]
[images.squarespace-cdn.com/content/v1/5dbf48651ece6c59d3759a0f/1576730343903-ILHXTY6SHQ6H4BS8O9UT/image-asset.jpg]
[www.techladder.io/mumbai-india.html]
[images.squarespace-cdn.com/content/v1/5dbf48651ece6c59d3759a0f/1576730177634-F7YXZT8VM7RCZGR1YDA6/image-asset.jpg]
[www.techladder.io/indore-india.html]
[www.techladder.io/job-postingsa51a.html]
[www.techladder.io/job-postings6f52.html]
[www.techladder.io/job-postings/tag/Bachelors+Degree.html]
[www.techladder.io/job-postings6be1.html]
[www.techladder.io/job-postings/job-post-template-lpmch-w9rpt.html]
[www.techladder.io/job-postings/job-post-template-lpmch-abmza-5pj6m-y8824.html]
[www.techladder.io/job-postings/job-post-template-b9jyf.html]
[www.techladder.io/job-postings/job-post-template-lpmch-abmza-5pj6m-a8b5n.html]
[www.techladder.io/job-postingsf8fc.html]
[www.techladder.io/job-postings774a.html]
[www.techladder.io/job-postings.html]
[www.techladder.io/universal/svg/social-accounts.svg]
[www.techladder.io/job-postings/job-post-template-lpmch-abmza-5pj6m-enfsd.html]
[www.techladder.io/job-postings8882.html]
[www.techladder.io/news-events.html]
[www.techladder.io/news-events/cover-letters-and-follow-up-emails-why-its-often-worth-the-extra-time.html]
[www.techladder.io/news-eventsa51a.html]
[www.techladder.io/news-events/category/Rochester+-+New+York.html]
[www.techladder.io/news-events/category/Iselin+-+New+Jersey.html]
[www.techladder.io/news-events/category/Buffalo+-+New+York.html]
[www.techladder.io/news-events/category/Mumbai+-+India.html]
[www.techladder.io/news-events/category/Indore+-+India.html]
[www.techladder.io/news-events/category/Hyderabad+-+India.html]
[www.techladder.io/job-postingsc668.html]
[www.techladder.io/news-events123d.html]
[www.techladder.io/news-events51bf.html]
[www.techladder.io/news-eventsd02c.html]
[www.techladder.io/news-events401a.html]
[www.techladder.io/news-events4f67.html]
[www.techladder.io/news-eventsa701.html]
[www.techladder.io/news-events/hiring-trends-in-it-stem-the-skilled-trades-for-2020.html]
[images.squarespace-cdn.com/content/5dbf48651ece6c59d3759a0f/1591636338474-2YWZM0NLXK6UVZ2FWCEZ/0_vHEsjxXZFtF_5pPZee8a.jpg]
[www.techladder.io/news-events/covid-19-the-state-of-employment-advice-5d33f6db3caa.html]
[www.techladder.io/job-postings6f52.html]
[www.techladder.io/job-postings3020.html]
[www.techladder.io/job-postings6be1.html]
[www.techladder.io/job-postings/job-post-template-lpmch-abmza-5pj6m-y8824.html]
[www.techladder.io/job-postings/job-post-template-lpmch-abmza-5pj6m-a8b5n.html]
[www.techladder.io/job-postings774a.html]
[www.techladder.io/job-postings355d.html]
[www.techladder.io/job-postings8882.html]
[www.techladder.io/news-events.html]
[www.techladder.io/job-postings663c.html]
[images.squarespace-cdn.com/content/5dbf48651ece6c59d3759a0f/1576424172704-467GHZU870OKCK6UA9I4/cover+letters+blog+post+image43a3.jpg]
[www.techladder.io/news-events/cover-letters-and-follow-up-emails-why-its-often-worth-the-extra-time.html]
[images.squarespace-cdn.com/content/5dbf48651ece6c59d3759a0f/1576423751465-5S7HYW41TZ538NYBM9NN/TECHLADDER +Hiring+Trend+Image43a3.jpg]
[www.techladder.io/news-events/hiring-trends-in-it-stem-the-skilled-trades-for-2020.html]
[www.techladder.io/job-postings3020.html]
[www.techladder.io/job-postings355d.html]
[www.techladder.io/job-postings663c.html]
